// Vitest Snapshot v1, https://vitest.dev/guide/snapshot.html

exports[`It matches the snapshot 1`] = `
"<header class="bg-white border-b">
  <div class="container mx-auto px-3 h-16 flex items-center justify-between"><span class="font-bold text-3xl">MyLogo</span>
    <nav>
      <ul class="flex items-center">
        <li><a href="/" class="mr-2">Home</a></li>
        <li><a href="/about">About</a></li>
      </ul>
    </nav>
  </div>
</header>"
`;
