// Vitest Snapshot v1, https://vitest.dev/guide/snapshot.html

exports[`It matches the snapshot 1`] = `
"<footer class="bg-gray-800 py-6">
  <div class="container mx-auto px-3">
    <div class="flex justify-between items-center"><span class="text-2xl font-bold text-white h-12">MyLogo</span><span class="text-sm text-gray-300">Â© 2024</span></div>
  </div>
</footer>"
`;
