// Vitest Snapshot v1, https://vitest.dev/guide/snapshot.html

exports[`It matches the snapshot 1`] = `
"<main class="container mx-auto px-3 py-6">
  <h1>About us</h1>
</main>"
`;
